
> ai_secretary@0.0.0 build
> next build

Ôû▓ Next.js 16.1.6 (Turbopack)
- Environments: .env

  Creating an optimized production build ...
Ô£ô Compiled successfully in 5.5s
  Running TypeScript ...
  Collecting page data using 11 workers ...
  Generating static pages using 11 workers (0/3) ...
node.exe : Error 
occurred prerendering 
page "/". Read more: ht
tps://nextjs.org/docs/m
essages/prerender-error
No linha:1 caractere:1
+ & "C:\Program 
Files\nodejs/node.exe" 
"C:\Program 
Files\nodejs/node_mo 
...
+ ~~~~~~~~~~~~~~~~~~~~~
~~~~~~~~~~~~~~~~~~~~~~~
~~~~~~~~~~~~~~~~~~~~~~~
~~
    + CategoryInfo     
         : NotSpecifi  
  ed: (Error occurre   
 d ...prerender-err    
or:String) [], Rem    
oteException
    + FullyQualifiedEr 
   rorId : NativeComm  
  andError
 
Error [PrismaClientInit
ializationError]: 
Invalid `prisma.condomi
nio.findMany()` 
invocation:


error: Error 
validating datasource 
`db`: the URL must 
start with the 
protocol 
`postgresql://` or 
`postgres://`.
  -->  schema.prisma:7
   | 
 6 |   provider = 
"postgresql"
 7 |   url      = 
env("DATABASE_URL")
   | 

Validation Error 
Count: 1
    at <unknown> (-->  
schema.prisma:7)
    at async f (C:\User
s\sergi\.gemini\antigra
vity\scratch\ai_secreta
ry\.next\server\chunks\
ssr\[root-of-the-server
]__b0842dbb._.js:23:428
)
    at async e (C:\User
s\sergi\.gemini\antigra
vity\scratch\ai_secreta
ry\.next\server\chunks\
ssr\_aab98b6e._.js:1:11
93) {
  clientVersion: 
'5.11.0',
  errorCode: undefined,
  digest: '1737107331'
}
Export encountered an 
error on /page: /, 
exiting the build.
Ô¿» Next.js build 
worker exited with 
code: 1 and signal: 
null
